[0.449s] Invoking command in '/home/daisuke/ros2_ws/build/person_msgs': /usr/bin/cmake /home/daisuke/ros2_ws/src/person_msgs -DCMAKE_INSTALL_PREFIX=/home/daisuke/ros2_ws/install/person_msgs
[0.465s] -- Found ament_cmake: 0.9.12 (/opt/ros/foxy/share/ament_cmake/cmake)
[0.484s] -- Found PythonInterp: /usr/bin/python3 (found suitable version "3.8.10", minimum required is "3") 
[0.484s] -- Using PYTHON_EXECUTABLE: /usr/bin/python3
[0.657s] -- Found rosidl_default_generators: 1.0.1 (/opt/ros/foxy/share/rosidl_default_generators/cmake)
[0.660s] -- Using all available rosidl_typesupport_c: rosidl_typesupport_fastrtps_c;rosidl_typesupport_introspection_c
[0.664s] -- Found rosidl_adapter: 1.3.1 (/opt/ros/foxy/share/rosidl_adapter/cmake)
[4.549s] -- Using all available rosidl_typesupport_cpp: rosidl_typesupport_fastrtps_cpp;rosidl_typesupport_introspection_cpp
[4.602s] -- Found PythonInterp: /usr/bin/python3 (found version "3.8.10") 
[4.716s] Error parsing '/home/daisuke/ros2_ws/src/person_msgs/package.xml':
[4.872s] Traceback (most recent call last):
[4.872s]   File "/usr/lib/python3/dist-packages/catkin_pkg/package.py", line 610, in parse_package_string
[4.873s]     root = dom.parseString(data)
[4.873s]   File "/usr/lib/python3.8/xml/dom/minidom.py", line 1969, in parseString
[4.873s]     return expatbuilder.parseString(string)
[4.873s]   File "/usr/lib/python3.8/xml/dom/expatbuilder.py", line 925, in parseString
[4.873s]     return builder.parseString(string)
[4.874s]   File "/usr/lib/python3.8/xml/dom/expatbuilder.py", line 223, in parseString
[4.874s]     parser.Parse(string, True)
[4.874s] xml.parsers.expat.ExpatError: mismatched tag: line 12, column 39
[4.874s] 
[4.874s] During handling of the above exception, another exception occurred:
[4.874s] 
[4.874s] Traceback (most recent call last):
[4.875s]   File "/opt/ros/foxy/share/ament_cmake_core/cmake/core/package_xml_2_cmake.py", line 143, in <module>
[4.875s]     main()
[4.875s]   File "/opt/ros/foxy/share/ament_cmake_core/cmake/core/package_xml_2_cmake.py", line 52, in main
[4.875s]     raise e
[4.875s]   File "/opt/ros/foxy/share/ament_cmake_core/cmake/core/package_xml_2_cmake.py", line 48, in main
[4.875s]     package = parse_package_string(
[4.876s]   File "/usr/lib/python3/dist-packages/catkin_pkg/package.py", line 612, in parse_package_string
[4.876s]     raise InvalidPackage('The manifest contains invalid XML:\n%s' % ex, filename)
[4.876s] catkin_pkg.package.InvalidPackage: Error(s) in package '/home/daisuke/ros2_ws/src/person_msgs/package.xml':
[4.876s] The manifest contains invalid XML:
[4.876s] mismatched tag: line 12, column 39
[4.912s] CMake Error at /opt/ros/foxy/share/ament_cmake_core/cmake/core/ament_package_xml.cmake:94 (message):
[4.912s]   execute_process(/usr/bin/python3
[4.912s]   /opt/ros/foxy/share/ament_cmake_core/cmake/core/package_xml_2_cmake.py
[4.912s]   /home/daisuke/ros2_ws/src/person_msgs/package.xml
[4.912s]   /home/daisuke/ros2_ws/build/person_msgs/ament_cmake_core/package.cmake)
[4.913s]   returned error code 1
[4.913s] Call Stack (most recent call first):
[4.913s]   /opt/ros/foxy/share/ament_cmake_core/cmake/core/ament_package_xml.cmake:49 (_ament_package_xml)
[4.913s]   /opt/ros/foxy/share/rosidl_cmake/cmake/rosidl_generate_interfaces.cmake:226 (ament_package_xml)
[4.913s]   CMakeLists.txt:21 (rosidl_generate_interfaces)
[4.913s] 
[4.914s] 
[4.914s] -- Configuring incomplete, errors occurred!
[4.914s] See also "/home/daisuke/ros2_ws/build/person_msgs/CMakeFiles/CMakeOutput.log".
[4.927s] Invoked command in '/home/daisuke/ros2_ws/build/person_msgs' returned '1': /usr/bin/cmake /home/daisuke/ros2_ws/src/person_msgs -DCMAKE_INSTALL_PREFIX=/home/daisuke/ros2_ws/install/person_msgs
