[0.000000] (-) TimerEvent: {}
[0.001250] (mypkg) JobQueued: {'identifier': 'mypkg', 'dependencies': OrderedDict()}
[0.001295] (person_msgs) JobQueued: {'identifier': 'person_msgs', 'dependencies': OrderedDict()}
[0.001320] (mypkg) JobStarted: {'identifier': 'mypkg'}
[0.104291] (-) TimerEvent: {}
[0.167378] (person_msgs) JobStarted: {'identifier': 'person_msgs'}
[0.205447] (-) TimerEvent: {}
[0.307301] (-) TimerEvent: {}
[0.407947] (-) TimerEvent: {}
[0.508772] (-) TimerEvent: {}
[0.610689] (-) TimerEvent: {}
[0.612468] (person_msgs) JobProgress: {'identifier': 'person_msgs', 'progress': 'cmake'}
[0.615151] (person_msgs) Command: {'cmd': ['/usr/bin/cmake', '/home/daisuke/ros2_ws/src/person_msgs', '-DCMAKE_INSTALL_PREFIX=/home/daisuke/ros2_ws/install/person_msgs'], 'cwd': '/home/daisuke/ros2_ws/build/person_msgs', 'env': OrderedDict([('LESSOPEN', '| /usr/bin/lesspipe %s'), ('USER', 'daisuke'), ('SHLVL', '1'), ('LD_LIBRARY_PATH', '/opt/ros/foxy/opt/yaml_cpp_vendor/lib:/opt/ros/foxy/opt/rviz_ogre_vendor/lib:/opt/ros/foxy/lib/x86_64-linux-gnu:/opt/ros/foxy/lib'), ('MOTD_SHOWN', 'update-motd'), ('HOME', '/home/daisuke'), ('OLDPWD', '/home/daisuke/ros2_ws/src/person_msgs/msg'), ('ROS_PYTHON_VERSION', '3'), ('WSL_DISTRO_NAME', 'Ubuntu-20.04'), ('WAYLAND_DISPLAY', 'wayland-0'), ('COLCON_PREFIX_PATH', '/home/daisuke/ros2_ws/install'), ('ROS_DISTRO', 'foxy'), ('LOGNAME', 'daisuke'), ('NAME', 'LAPTOP-STA8A1L5'), ('WSL_INTEROP', '/run/WSL/8_interop'), ('PULSE_SERVER', '/mnt/wslg/PulseServer'), ('_', '/usr/bin/colcon'), ('ROS_VERSION', '2'), ('TERM', 'xterm-256color'), ('ROS_LOCALHOST_ONLY', '1'), ('PATH', '/opt/ros/foxy/bin:/usr/local/sbin:/usr/local/bin:/usr/sbin:/usr/bin:/sbin:/bin:/usr/games:/usr/local/games:/usr/lib/wsl/lib:/mnt/c/WINDOWS/system32:/mnt/c/WINDOWS:/mnt/c/WINDOWS/System32/Wbem:/mnt/c/WINDOWS/System32/WindowsPowerShell/v1.0/:/mnt/c/WINDOWS/System32/OpenSSH/:/mnt/c/Program Files/dotnet/:/mnt/c/Program Files/MATLAB/R2023a/bin:/mnt/c/Program Files/gnuplot/bin:/mnt/c/Users/sdais/AppData/Local/Microsoft/WindowsApps:/mnt/c/Users/sdais/AppData/Local/Programs/Microsoft VS Code/bin:/snap/bin'), ('XDG_RUNTIME_DIR', '/mnt/wslg/runtime-dir'), ('DISPLAY', ':0'), ('LANG', 'ja_JP.UTF8'), ('LS_COLORS', 'rs=0:di=01;34:ln=01;36:mh=00:pi=40;33:so=01;35:do=01;35:bd=40;33;01:cd=40;33;01:or=40;31;01:mi=00:su=37;41:sg=30;43:ca=30;41:tw=30;42:ow=34;42:st=37;44:ex=01;32:*.tar=01;31:*.tgz=01;31:*.arc=01;31:*.arj=01;31:*.taz=01;31:*.lha=01;31:*.lz4=01;31:*.lzh=01;31:*.lzma=01;31:*.tlz=01;31:*.txz=01;31:*.tzo=01;31:*.t7z=01;31:*.zip=01;31:*.z=01;31:*.dz=01;31:*.gz=01;31:*.lrz=01;31:*.lz=01;31:*.lzo=01;31:*.xz=01;31:*.zst=01;31:*.tzst=01;31:*.bz2=01;31:*.bz=01;31:*.tbz=01;31:*.tbz2=01;31:*.tz=01;31:*.deb=01;31:*.rpm=01;31:*.jar=01;31:*.war=01;31:*.ear=01;31:*.sar=01;31:*.rar=01;31:*.alz=01;31:*.ace=01;31:*.zoo=01;31:*.cpio=01;31:*.7z=01;31:*.rz=01;31:*.cab=01;31:*.wim=01;31:*.swm=01;31:*.dwm=01;31:*.esd=01;31:*.jpg=01;35:*.jpeg=01;35:*.mjpg=01;35:*.mjpeg=01;35:*.gif=01;35:*.bmp=01;35:*.pbm=01;35:*.pgm=01;35:*.ppm=01;35:*.tga=01;35:*.xbm=01;35:*.xpm=01;35:*.tif=01;35:*.tiff=01;35:*.png=01;35:*.svg=01;35:*.svgz=01;35:*.mng=01;35:*.pcx=01;35:*.mov=01;35:*.mpg=01;35:*.mpeg=01;35:*.m2v=01;35:*.mkv=01;35:*.webm=01;35:*.ogm=01;35:*.mp4=01;35:*.m4v=01;35:*.mp4v=01;35:*.vob=01;35:*.qt=01;35:*.nuv=01;35:*.wmv=01;35:*.asf=01;35:*.rm=01;35:*.rmvb=01;35:*.flc=01;35:*.avi=01;35:*.fli=01;35:*.flv=01;35:*.gl=01;35:*.dl=01;35:*.xcf=01;35:*.xwd=01;35:*.yuv=01;35:*.cgm=01;35:*.emf=01;35:*.ogv=01;35:*.ogx=01;35:*.aac=00;36:*.au=00;36:*.flac=00;36:*.m4a=00;36:*.mid=00;36:*.midi=00;36:*.mka=00;36:*.mp3=00;36:*.mpc=00;36:*.ogg=00;36:*.ra=00;36:*.wav=00;36:*.oga=00;36:*.opus=00;36:*.spx=00;36:*.xspf=00;36:'), ('AMENT_PREFIX_PATH', '/home/daisuke/ros2_ws/install/mypkg:/opt/ros/foxy'), ('SHELL', '/bin/bash'), ('LESSCLOSE', '/usr/bin/lesspipe %s %s'), ('PWD', '/home/daisuke/ros2_ws/build/person_msgs'), ('XDG_DATA_DIRS', '/usr/local/share:/usr/share:/var/lib/snapd/desktop'), ('PYTHONPATH', '/home/daisuke/ros2_ws/install/mypkg/lib/python3.8/site-packages:/opt/ros/foxy/lib/python3.8/site-packages'), ('COLCON', '1'), ('HOSTTYPE', 'x86_64'), ('WSLENV', '')]), 'shell': False}
[0.631888] (person_msgs) StdoutLine: {'line': b'-- Found ament_cmake: 0.9.12 (/opt/ros/foxy/share/ament_cmake/cmake)\n'}
[0.651211] (person_msgs) StdoutLine: {'line': b'-- Found PythonInterp: /usr/bin/python3 (found suitable version "3.8.10", minimum required is "3") \n'}
[0.651448] (person_msgs) StdoutLine: {'line': b'-- Using PYTHON_EXECUTABLE: /usr/bin/python3\n'}
[0.710876] (-) TimerEvent: {}
[0.811271] (-) TimerEvent: {}
[0.824298] (person_msgs) StdoutLine: {'line': b'-- Found rosidl_default_generators: 1.0.1 (/opt/ros/foxy/share/rosidl_default_generators/cmake)\n'}
[0.827201] (person_msgs) StdoutLine: {'line': b'-- Using all available rosidl_typesupport_c: rosidl_typesupport_fastrtps_c;rosidl_typesupport_introspection_c\n'}
[0.831133] (person_msgs) StdoutLine: {'line': b'-- Found rosidl_adapter: 1.3.1 (/opt/ros/foxy/share/rosidl_adapter/cmake)\n'}
[0.911398] (-) TimerEvent: {}
[0.985664] (mypkg) Command: {'cmd': ['/usr/bin/python3', 'setup.py', 'egg_info', '--egg-base', '../../build/mypkg', 'build', '--build-base', '/home/daisuke/ros2_ws/build/mypkg/build', 'install', '--record', '/home/daisuke/ros2_ws/build/mypkg/install.log', '--install-scripts', '$base/lib/mypkg', '--single-version-externally-managed'], 'cwd': '/home/daisuke/ros2_ws/src/mypkg', 'env': {'LESSOPEN': '| /usr/bin/lesspipe %s', 'USER': 'daisuke', 'SHLVL': '1', 'LD_LIBRARY_PATH': '/opt/ros/foxy/opt/yaml_cpp_vendor/lib:/opt/ros/foxy/opt/rviz_ogre_vendor/lib:/opt/ros/foxy/lib/x86_64-linux-gnu:/opt/ros/foxy/lib', 'MOTD_SHOWN': 'update-motd', 'HOME': '/home/daisuke', 'OLDPWD': '/home/daisuke/ros2_ws/src/person_msgs/msg', 'ROS_PYTHON_VERSION': '3', 'WSL_DISTRO_NAME': 'Ubuntu-20.04', 'WAYLAND_DISPLAY': 'wayland-0', 'COLCON_PREFIX_PATH': '/home/daisuke/ros2_ws/install', 'ROS_DISTRO': 'foxy', 'LOGNAME': 'daisuke', 'NAME': 'LAPTOP-STA8A1L5', 'WSL_INTEROP': '/run/WSL/8_interop', 'PULSE_SERVER': '/mnt/wslg/PulseServer', '_': '/usr/bin/colcon', 'ROS_VERSION': '2', 'TERM': 'xterm-256color', 'ROS_LOCALHOST_ONLY': '1', 'PATH': '/opt/ros/foxy/bin:/usr/local/sbin:/usr/local/bin:/usr/sbin:/usr/bin:/sbin:/bin:/usr/games:/usr/local/games:/usr/lib/wsl/lib:/mnt/c/WINDOWS/system32:/mnt/c/WINDOWS:/mnt/c/WINDOWS/System32/Wbem:/mnt/c/WINDOWS/System32/WindowsPowerShell/v1.0/:/mnt/c/WINDOWS/System32/OpenSSH/:/mnt/c/Program Files/dotnet/:/mnt/c/Program Files/MATLAB/R2023a/bin:/mnt/c/Program Files/gnuplot/bin:/mnt/c/Users/sdais/AppData/Local/Microsoft/WindowsApps:/mnt/c/Users/sdais/AppData/Local/Programs/Microsoft VS Code/bin:/snap/bin', 'XDG_RUNTIME_DIR': '/mnt/wslg/runtime-dir', 'DISPLAY': ':0', 'LANG': 'ja_JP.UTF8', 'LS_COLORS': 'rs=0:di=01;34:ln=01;36:mh=00:pi=40;33:so=01;35:do=01;35:bd=40;33;01:cd=40;33;01:or=40;31;01:mi=00:su=37;41:sg=30;43:ca=30;41:tw=30;42:ow=34;42:st=37;44:ex=01;32:*.tar=01;31:*.tgz=01;31:*.arc=01;31:*.arj=01;31:*.taz=01;31:*.lha=01;31:*.lz4=01;31:*.lzh=01;31:*.lzma=01;31:*.tlz=01;31:*.txz=01;31:*.tzo=01;31:*.t7z=01;31:*.zip=01;31:*.z=01;31:*.dz=01;31:*.gz=01;31:*.lrz=01;31:*.lz=01;31:*.lzo=01;31:*.xz=01;31:*.zst=01;31:*.tzst=01;31:*.bz2=01;31:*.bz=01;31:*.tbz=01;31:*.tbz2=01;31:*.tz=01;31:*.deb=01;31:*.rpm=01;31:*.jar=01;31:*.war=01;31:*.ear=01;31:*.sar=01;31:*.rar=01;31:*.alz=01;31:*.ace=01;31:*.zoo=01;31:*.cpio=01;31:*.7z=01;31:*.rz=01;31:*.cab=01;31:*.wim=01;31:*.swm=01;31:*.dwm=01;31:*.esd=01;31:*.jpg=01;35:*.jpeg=01;35:*.mjpg=01;35:*.mjpeg=01;35:*.gif=01;35:*.bmp=01;35:*.pbm=01;35:*.pgm=01;35:*.ppm=01;35:*.tga=01;35:*.xbm=01;35:*.xpm=01;35:*.tif=01;35:*.tiff=01;35:*.png=01;35:*.svg=01;35:*.svgz=01;35:*.mng=01;35:*.pcx=01;35:*.mov=01;35:*.mpg=01;35:*.mpeg=01;35:*.m2v=01;35:*.mkv=01;35:*.webm=01;35:*.ogm=01;35:*.mp4=01;35:*.m4v=01;35:*.mp4v=01;35:*.vob=01;35:*.qt=01;35:*.nuv=01;35:*.wmv=01;35:*.asf=01;35:*.rm=01;35:*.rmvb=01;35:*.flc=01;35:*.avi=01;35:*.fli=01;35:*.flv=01;35:*.gl=01;35:*.dl=01;35:*.xcf=01;35:*.xwd=01;35:*.yuv=01;35:*.cgm=01;35:*.emf=01;35:*.ogv=01;35:*.ogx=01;35:*.aac=00;36:*.au=00;36:*.flac=00;36:*.m4a=00;36:*.mid=00;36:*.midi=00;36:*.mka=00;36:*.mp3=00;36:*.mpc=00;36:*.ogg=00;36:*.ra=00;36:*.wav=00;36:*.oga=00;36:*.opus=00;36:*.spx=00;36:*.xspf=00;36:', 'AMENT_PREFIX_PATH': '/home/daisuke/ros2_ws/install/mypkg:/opt/ros/foxy', 'SHELL': '/bin/bash', 'LESSCLOSE': '/usr/bin/lesspipe %s %s', 'PWD': '/home/daisuke/ros2_ws/build/mypkg', 'XDG_DATA_DIRS': '/usr/local/share:/usr/share:/var/lib/snapd/desktop', 'PYTHONPATH': '/home/daisuke/ros2_ws/build/mypkg/prefix_override:/home/daisuke/ros2_ws/install/mypkg/lib/python3.8/site-packages:/home/daisuke/ros2_ws/install/mypkg/lib/python3.8/site-packages:/opt/ros/foxy/lib/python3.8/site-packages', 'COLCON': '1', 'HOSTTYPE': 'x86_64', 'WSLENV': ''}, 'shell': False}
[1.011551] (-) TimerEvent: {}
[1.111903] (-) TimerEvent: {}
[1.178371] (mypkg) StdoutLine: {'line': b'running egg_info\n'}
[1.179085] (mypkg) StdoutLine: {'line': b'writing ../../build/mypkg/mypkg.egg-info/PKG-INFO\n'}
[1.179493] (mypkg) StdoutLine: {'line': b'writing dependency_links to ../../build/mypkg/mypkg.egg-info/dependency_links.txt\n'}
[1.179898] (mypkg) StdoutLine: {'line': b'writing entry points to ../../build/mypkg/mypkg.egg-info/entry_points.txt\n'}
[1.180041] (mypkg) StdoutLine: {'line': b'writing requirements to ../../build/mypkg/mypkg.egg-info/requires.txt\n'}
[1.180140] (mypkg) StdoutLine: {'line': b'writing top-level names to ../../build/mypkg/mypkg.egg-info/top_level.txt\n'}
[1.210616] (mypkg) StdoutLine: {'line': b"reading manifest file '../../build/mypkg/mypkg.egg-info/SOURCES.txt'\n"}
[1.211440] (mypkg) StdoutLine: {'line': b"writing manifest file '../../build/mypkg/mypkg.egg-info/SOURCES.txt'\n"}
[1.211796] (mypkg) StdoutLine: {'line': b'running build\n'}
[1.211995] (-) TimerEvent: {}
[1.212476] (mypkg) StdoutLine: {'line': b'running build_py\n'}
[1.212616] (mypkg) StdoutLine: {'line': b'running install\n'}
[1.213344] (mypkg) StdoutLine: {'line': b'running install_lib\n'}
[1.214671] (mypkg) StdoutLine: {'line': b'running install_data\n'}
[1.215133] (mypkg) StdoutLine: {'line': b'running install_egg_info\n'}
[1.216634] (mypkg) StdoutLine: {'line': b"removing '/home/daisuke/ros2_ws/install/mypkg/lib/python3.8/site-packages/mypkg-0.0.0-py3.8.egg-info' (and everything under it)\n"}
[1.217029] (mypkg) StdoutLine: {'line': b'Copying ../../build/mypkg/mypkg.egg-info to /home/daisuke/ros2_ws/install/mypkg/lib/python3.8/site-packages/mypkg-0.0.0-py3.8.egg-info\n'}
[1.217703] (mypkg) StdoutLine: {'line': b'running install_scripts\n'}
[1.233923] (mypkg) StdoutLine: {'line': b'Installing listener script to /home/daisuke/ros2_ws/install/mypkg/lib/mypkg\n'}
[1.234286] (mypkg) StdoutLine: {'line': b'Installing talker script to /home/daisuke/ros2_ws/install/mypkg/lib/mypkg\n'}
[1.234672] (mypkg) StdoutLine: {'line': b"writing list of installed files to '/home/daisuke/ros2_ws/build/mypkg/install.log'\n"}
[1.256268] (mypkg) CommandEnded: {'returncode': 0}
[1.314043] (-) TimerEvent: {}
[1.362604] (mypkg) JobEnded: {'identifier': 'mypkg', 'rc': 0}
[1.414214] (-) TimerEvent: {}
[1.514697] (-) TimerEvent: {}
[1.615295] (-) TimerEvent: {}
[1.715802] (-) TimerEvent: {}
[1.816402] (-) TimerEvent: {}
[1.917007] (-) TimerEvent: {}
[2.017586] (-) TimerEvent: {}
[2.118192] (-) TimerEvent: {}
[2.218738] (-) TimerEvent: {}
[2.319606] (-) TimerEvent: {}
[2.420036] (-) TimerEvent: {}
[2.520512] (-) TimerEvent: {}
[2.620998] (-) TimerEvent: {}
[2.721548] (-) TimerEvent: {}
[2.822170] (-) TimerEvent: {}
[2.922675] (-) TimerEvent: {}
[3.023360] (-) TimerEvent: {}
[3.123799] (-) TimerEvent: {}
[3.224422] (-) TimerEvent: {}
[3.325042] (-) TimerEvent: {}
[3.425522] (-) TimerEvent: {}
[3.525997] (-) TimerEvent: {}
[3.626460] (-) TimerEvent: {}
[3.726950] (-) TimerEvent: {}
[3.827339] (-) TimerEvent: {}
[3.927840] (-) TimerEvent: {}
[4.028401] (-) TimerEvent: {}
[4.129124] (-) TimerEvent: {}
[4.229678] (-) TimerEvent: {}
[4.330476] (-) TimerEvent: {}
[4.431023] (-) TimerEvent: {}
[4.531666] (-) TimerEvent: {}
[4.632194] (-) TimerEvent: {}
[4.716174] (person_msgs) StdoutLine: {'line': b'-- Using all available rosidl_typesupport_cpp: rosidl_typesupport_fastrtps_cpp;rosidl_typesupport_introspection_cpp\n'}
[4.732331] (-) TimerEvent: {}
[4.768798] (person_msgs) StdoutLine: {'line': b'-- Found PythonInterp: /usr/bin/python3 (found version "3.8.10") \n'}
[4.832583] (-) TimerEvent: {}
[4.883211] (person_msgs) StderrLine: {'line': b"Error parsing '/home/daisuke/ros2_ws/src/person_msgs/package.xml':\n"}
[4.932992] (-) TimerEvent: {}
[5.033506] (-) TimerEvent: {}
[5.039318] (person_msgs) StderrLine: {'line': b'Traceback (most recent call last):\n'}
[5.039727] (person_msgs) StderrLine: {'line': b'  File "/usr/lib/python3/dist-packages/catkin_pkg/package.py", line 610, in parse_package_string\n'}
[5.039959] (person_msgs) StderrLine: {'line': b'    root = dom.parseString(data)\n'}
[5.040125] (person_msgs) StderrLine: {'line': b'  File "/usr/lib/python3.8/xml/dom/minidom.py", line 1969, in parseString\n'}
[5.040293] (person_msgs) StderrLine: {'line': b'    return expatbuilder.parseString(string)\n'}
[5.040459] (person_msgs) StderrLine: {'line': b'  File "/usr/lib/python3.8/xml/dom/expatbuilder.py", line 925, in parseString\n'}
[5.040673] (person_msgs) StderrLine: {'line': b'    return builder.parseString(string)\n'}
[5.040838] (person_msgs) StderrLine: {'line': b'  File "/usr/lib/python3.8/xml/dom/expatbuilder.py", line 223, in parseString\n'}
[5.041001] (person_msgs) StderrLine: {'line': b'    parser.Parse(string, True)\n'}
[5.041160] (person_msgs) StderrLine: {'line': b'xml.parsers.expat.ExpatError: mismatched tag: line 12, column 39\n'}
[5.041315] (person_msgs) StderrLine: {'line': b'\n'}
[5.041474] (person_msgs) StderrLine: {'line': b'During handling of the above exception, another exception occurred:\n'}
[5.041639] (person_msgs) StderrLine: {'line': b'\n'}
[5.041792] (person_msgs) StderrLine: {'line': b'Traceback (most recent call last):\n'}
[5.041940] (person_msgs) StderrLine: {'line': b'  File "/opt/ros/foxy/share/ament_cmake_core/cmake/core/package_xml_2_cmake.py", line 143, in <module>\n'}
[5.042100] (person_msgs) StderrLine: {'line': b'    main()\n'}
[5.042256] (person_msgs) StderrLine: {'line': b'  File "/opt/ros/foxy/share/ament_cmake_core/cmake/core/package_xml_2_cmake.py", line 52, in main\n'}
[5.042415] (person_msgs) StderrLine: {'line': b'    raise e\n'}
[5.042572] (person_msgs) StderrLine: {'line': b'  File "/opt/ros/foxy/share/ament_cmake_core/cmake/core/package_xml_2_cmake.py", line 48, in main\n'}
[5.042733] (person_msgs) StderrLine: {'line': b'    package = parse_package_string(\n'}
[5.042888] (person_msgs) StderrLine: {'line': b'  File "/usr/lib/python3/dist-packages/catkin_pkg/package.py", line 612, in parse_package_string\n'}
[5.043048] (person_msgs) StderrLine: {'line': b"    raise InvalidPackage('The manifest contains invalid XML:\\n%s' % ex, filename)\n"}
[5.043204] (person_msgs) StderrLine: {'line': b"catkin_pkg.package.InvalidPackage: Error(s) in package '/home/daisuke/ros2_ws/src/person_msgs/package.xml':\n"}
[5.043359] (person_msgs) StderrLine: {'line': b'The manifest contains invalid XML:\n'}
[5.043519] (person_msgs) StderrLine: {'line': b'mismatched tag: line 12, column 39\n'}
[5.078660] (person_msgs) StderrLine: {'line': b'CMake Error at /opt/ros/foxy/share/ament_cmake_core/cmake/core/ament_package_xml.cmake:94 (message):\n'}
[5.079226] (person_msgs) StderrLine: {'line': b'  execute_process(/usr/bin/python3\n'}
[5.079447] (person_msgs) StderrLine: {'line': b'  /opt/ros/foxy/share/ament_cmake_core/cmake/core/package_xml_2_cmake.py\n'}
[5.079624] (person_msgs) StderrLine: {'line': b'  /home/daisuke/ros2_ws/src/person_msgs/package.xml\n'}
[5.079792] (person_msgs) StderrLine: {'line': b'  /home/daisuke/ros2_ws/build/person_msgs/ament_cmake_core/package.cmake)\n'}
[5.079969] (person_msgs) StderrLine: {'line': b'  returned error code 1\n'}
[5.080141] (person_msgs) StderrLine: {'line': b'Call Stack (most recent call first):\n'}
[5.080310] (person_msgs) StderrLine: {'line': b'  /opt/ros/foxy/share/ament_cmake_core/cmake/core/ament_package_xml.cmake:49 (_ament_package_xml)\n'}
[5.080475] (person_msgs) StderrLine: {'line': b'  /opt/ros/foxy/share/rosidl_cmake/cmake/rosidl_generate_interfaces.cmake:226 (ament_package_xml)\n'}
[5.080652] (person_msgs) StderrLine: {'line': b'  CMakeLists.txt:21 (rosidl_generate_interfaces)\n'}
[5.080815] (person_msgs) StderrLine: {'line': b'\n'}
[5.080975] (person_msgs) StderrLine: {'line': b'\n'}
[5.081439] (person_msgs) StdoutLine: {'line': b'-- Configuring incomplete, errors occurred!\n'}
[5.081665] (person_msgs) StdoutLine: {'line': b'See also "/home/daisuke/ros2_ws/build/person_msgs/CMakeFiles/CMakeOutput.log".\n'}
[5.093826] (person_msgs) CommandEnded: {'returncode': 1}
[5.094477] (person_msgs) JobEnded: {'identifier': 'person_msgs', 'rc': 1}
[5.105020] (-) EventReactorShutdown: {}
